_Ga=d,d=A\[48;2;140;170;238m [0m[1;38;2;30;30;46;48;2;140;170;238mgs://[0m[48;2;140;170;238m [0m [38;2;108;112;134m❯[0m [48;2;203;166;247m [0m[1;38;2;30;30;46;48;2;203;166;247massets[0m[48;2;203;166;247m [0m                                                                                  

[38;2;65;69;89m╭───────────────────────╮[0m[38;2;203;166;247m╭────────────────────────────╮[0m[38;2;65;69;89m╭───────────────────────────────────────────╮[0m
[38;2;65;69;89m│[0m [38;2;166;173;200m[1mBuckets (2/2)[0m[0m         [38;2;65;69;89m│[0m[38;2;203;166;247m│[0m                            [38;2;203;166;247m│[0m[38;2;65;69;89m│[0m [38;2;166;173;200m[0m                                          [38;2;65;69;89m│[0m
[38;2;65;69;89m│[0m [38;2;166;173;200m[0m                      [38;2;65;69;89m│[0m[38;2;203;166;247m│[0m                            [38;2;203;166;247m│[0m[38;2;65;69;89m│[0m                                           [38;2;65;69;89m│[0m
[38;2;65;69;89m│[0m [38;2;166;173;200m[38;2;203;166;247m[38;2;203;166;247m●[0m[38;2;203;166;247m [0m[38;2;203;166;247m📦 [0m[38;2;203;166;247massets[0m[0m         [38;2;203;166;247m┃[0m[0m [38;2;65;69;89m│[0m[38;2;203;166;247m│[0m                            [38;2;203;166;247m│[0m[38;2;65;69;89m│[0m                                           [38;2;65;69;89m│[0m
[38;2;65;69;89m│[0m [38;2;166;173;200m                     [0m [38;2;65;69;89m│[0m[38;2;203;166;247m│[0m                            [38;2;203;166;247m│[0m[38;2;65;69;89m│[0m                                           [38;2;65;69;89m│[0m
[38;2;65;69;89m│[0m                       [38;2;65;69;89m│[0m[38;2;203;166;247m│[0m                            [38;2;203;166;247m│[0m[38;2;65;69;89m│[0m                                           [38;2;65;69;89m│[0m
[38;2;65;69;89m╰───────────────────────╯[0m[38;2;203;166;247m╰────────────────────────────╯[0m[38;2;65;69;89m╰───────────────────────────────────────────╯[0m
         [38;2;243;139;168m╭────────────────────────────────────────────────────────────────────────────────╮[0m         
         [38;2;243;139;168m│[0m                                                                                [38;2;243;139;168m│[0m         
         [38;2;243;139;168m│[0m    [1;38;2;243;139;168mDELETE CONFIRMATION[0m                                                         [38;2;243;139;168m│[0m         
         [38;2;243;139;168m│[0m                                                                                [38;2;243;139;168m│[0m         
         [38;2;243;139;168m│[0m    Are you sure you want to delete [1mgs://assets/file_to_delete.txt[0m?             [38;2;243;139;168m│[0m         
         [38;2;243;139;168m│[0m    [38;2;243;139;168mThis action cannot be undone.[0m                                               [38;2;243;139;168m│[0m         
         [38;2;243;139;168m│[0m                                                                                [38;2;243;139;168m│[0m         
         [38;2;243;139;168m│[0m    [1;38;2;203;166;247my[0m delete    [1;38;2;203;166;247mn/esc[0m cancel                                                    [38;2;243;139;168m│[0m         
         [38;2;243;139;168m│[0m                                                                                [38;2;243;139;168m│[0m         
         [38;2;243;139;168m│[0m                                                                                [38;2;243;139;168m│[0m         
         [38;2;243;139;168m│[0m                                                                                [38;2;243;139;168m│[0m         
         [38;2;243;139;168m│[0m                                                                                [38;2;243;139;168m│[0m         
         [38;2;243;139;168m│[0m                                                                                [38;2;243;139;168m│[0m         
         [38;2;243;139;168m│[0m                                                                                [38;2;243;139;168m│[0m         
         [38;2;243;139;168m│[0m                                                                                [38;2;243;139;168m│[0m         
         [38;2;243;139;168m│[0m                                                                                [38;2;243;139;168m│[0m         
         [38;2;243;139;168m╰────────────────────────────────────────────────────────────────────────────────╯[0m         