[38;5;236m                                                                                                    [0m
[38;5;236m                                                                                                    [0m
[38;5;236m                                                                                                    [0m
[38;5;236m                                                                                                    [0m
[38;5;236m                                                                                                    [0m
[38;5;236m                                                                                                    [0m
[38;5;236m                                                                                                    [0m
[38;5;236m                                                                                                    [0m
[38;5;236m                                                                                                    [0m
[38;5;236m    [0m[38;5;69m╭──────────────────────────────────────────────────────────────────────────────────────────╮[0m[38;5;236m    [0m
[38;5;236m    [0m[38;5;69m│[0m                                                                                          [38;5;69m│[0m[38;5;236m    [0m
[38;5;236m    [0m[38;5;69m│[0m  [1;38;5;69mMESSAGES (2)[0m                                                                            [38;5;69m│[0m[38;5;236m    [0m
[38;5;236m    [0m[38;5;69m│[0m                                                                                          [38;5;69m│[0m[38;5;236m    [0m
[38;5;236m    [0m[38;5;69m│[0m  [38;5;252m12:00:00[0m [38;5;196m❌ [0m [38;5;196m[0m[38;5;196msimulated permission denied error[0m[2;38;5;252m[0m                                          [38;5;69m│[0m[38;5;236m    [0m
[38;5;236m    [0m[38;5;69m│[0m  [38;5;252m12:00:00[0m [38;5;196m❌ [0m [38;5;196m[0m[38;5;196msimulated network timeout[0m[2;38;5;252m[0m                                                  [38;5;69m│[0m[38;5;236m    [0m
[38;5;236m    [0m[38;5;69m│[0m                                                                                          [38;5;69m│[0m[38;5;236m    [0m
[38;5;236m    [0m[38;5;69m│[0m                                                                                          [38;5;69m│[0m[38;5;236m    [0m
[38;5;236m    [0m[38;5;69m│[0m  [38;5;245mUse [0m[1;38;5;69mj/k[0m[38;5;245m to scroll[0m                                                                       [38;5;69m│[0m[38;5;236m    [0m
[38;5;236m    [0m[38;5;69m│[0m  [1;38;5;69mesc[0m[38;5;245m or [0m[1;38;5;69mq[0m[38;5;245m to close[0m                                                                       [38;5;69m│[0m[38;5;236m    [0m
[38;5;236m    [0m[38;5;69m│[0m                                                                                          [38;5;69m│[0m[38;5;236m    [0m
[38;5;236m    [0m[38;5;69m╰──────────────────────────────────────────────────────────────────────────────────────────╯[0m[38;5;236m    [0m
[38;5;236m                                                                                                    [0m
[38;5;236m                                                                                                    [0m
[38;5;236m                                                                                                    [0m
[38;5;236m                                                                                                    [0m
[38;5;236m                                                                                                    [0m
[38;5;236m                                                                                                    [0m
[38;5;236m                                                                                                    [0m
[38;5;236m                                                                                                    [0m
[38;5;236m                                                                                                    [0m