[48;5;57m [0m[1;38;5;229;48;5;57mgs://[0m[48;5;57m [0m

[38;5;69m┌───────────────────────┐[0m[38;5;240m┌────────────────────────────┐[0m[38;5;240m┌───────────────────────────────────────────┐[0m
[38;5;69m│[0m [1mBuckets[0m               [38;5;69m│[0m[38;5;240m│[0m [38;5;244m[0m                           [38;5;240m│[0m[38;5;240m│[0m [38;5;244m[0m                                          [38;5;240m│[0m
[38;5;69m│[0m                       [38;5;69m│[0m[38;5;240m│[0m                            [38;5;240m│[0m[38;5;240m│[0m                                           [38;5;240m│[0m
[38;5;69m│[0m [1;97;48;5;236m▼ prod-project[0m[48;5;236m       [0m [38;5;69m│[0m[38;5;240m│[0m                            [38;5;240m│[0m[38;5;240m│[0m                                           [38;5;240m│[0m
[38;5;69m│[0m [38;5;250m  📦 assets[0m           [38;5;69m│[0m[38;5;240m│[0m                            [38;5;240m│[0m[38;5;240m│[0m                                           [38;5;240m│[0m
[38;5;69m│[0m                       [38;5;69m│[0m[38;5;240m│[0m                            [38;5;240m│[0m[38;5;240m│[0m                                           [38;5;240m│[0m
[38;5;69m│[0m                       [38;5;69m│[0m[38;5;240m│[0m                            [38;5;240m│[0m[38;5;240m│[0m                                           [38;5;240m│[0m
[38;5;69m│[0m                       [38;5;69m│[0m[38;5;240m│[0m                            [38;5;240m│[0m[38;5;240m│[0m                                           [38;5;240m│[0m
[38;5;69m│[0m                       [38;5;69m│[0m[38;5;240m│[0m                            [38;5;240m│[0m[38;5;240m│[0m                                           [38;5;240m│[0m
[38;5;69m│[0m                       [38;5;69m│[0m[38;5;240m│[0m                            [38;5;240m│[0m[38;5;240m│[0m                                           [38;5;240m│[0m
[38;5;69m│[0m                       [38;5;69m│[0m[38;5;240m│[0m                            [38;5;240m│[0m[38;5;240m│[0m                                           [38;5;240m│[0m
[38;5;69m│[0m                       [38;5;69m│[0m[38;5;240m│[0m                            [38;5;240m│[0m[38;5;240m│[0m                                           [38;5;240m│[0m
[38;5;69m│[0m                       [38;5;69m│[0m[38;5;240m│[0m                            [38;5;240m│[0m[38;5;240m│[0m                                           [38;5;240m│[0m
[38;5;69m│[0m                       [38;5;69m│[0m[38;5;240m│[0m                            [38;5;240m│[0m[38;5;240m│[0m                                           [38;5;240m│[0m
[38;5;69m│[0m                       [38;5;69m│[0m[38;5;240m│[0m                            [38;5;240m│[0m[38;5;240m│[0m                                           [38;5;240m│[0m
[38;5;69m│[0m                       [38;5;69m│[0m[38;5;240m│[0m                            [38;5;240m│[0m[38;5;240m│[0m                                           [38;5;240m│[0m
[38;5;69m│[0m                       [38;5;69m│[0m[38;5;240m│[0m                            [38;5;240m│[0m[38;5;240m│[0m                                           [38;5;240m│[0m
[38;5;69m│[0m                       [38;5;69m│[0m[38;5;240m│[0m                            [38;5;240m│[0m[38;5;240m│[0m                                           [38;5;240m│[0m
[38;5;69m│[0m                       [38;5;69m│[0m[38;5;240m│[0m                            [38;5;240m│[0m[38;5;240m│[0m                                           [38;5;240m│[0m
[38;5;69m│[0m                       [38;5;69m│[0m[38;5;240m│[0m                            [38;5;240m│[0m[38;5;240m│[0m                                           [38;5;240m│[0m
[38;5;69m│[0m                       [38;5;69m│[0m[38;5;240m│[0m                            [38;5;240m│[0m[38;5;240m│[0m                                           [38;5;240m│[0m
[38;5;69m│[0m                       [38;5;69m│[0m[38;5;240m│[0m                            [38;5;240m│[0m[38;5;240m│[0m                                           [38;5;240m│[0m
[38;5;69m│[0m                       [38;5;69m│[0m[38;5;240m│[0m                            [38;5;240m│[0m[38;5;240m│[0m                                           [38;5;240m│[0m
[38;5;69m│[0m                       [38;5;69m│[0m[38;5;240m│[0m                            [38;5;240m│[0m[38;5;240m│[0m                                           [38;5;240m│[0m
[38;5;69m│[0m                       [38;5;69m│[0m[38;5;240m│[0m                            [38;5;240m│[0m[38;5;240m│[0m                                           [38;5;240m│[0m
[38;5;69m└───────────────────────┘[0m[38;5;240m└────────────────────────────┘[0m[38;5;240m└───────────────────────────────────────────┘[0m
[48;5;69m [0m[1;97;48;5;69m SEARCH: ass█ [0m[48;5;69m [0m         [38;5;252m/[0m [38;5;245mfilter[0m[38;2;60;60;60m • [0m[38;5;252mspace[0m [38;5;245mselect[0m[38;2;60;60;60m • [0m[38;5;252md[0m [38;5;245mdownload[0m[38;2;60;60;60m • [0m[38;5;252my[0m [38;5;245mcopy uri[0m[38;2;60;60;60m • [0m[38;5;252m?[0m [38;5;245mtoggle help[0m[38;2;60;60;60m • [0m[38;5;252mq[0m [38;5;245mquit[0m 