[?25l[?2004h gs:// [K
[K
┌──────────────────────────────┐┌───────────────────────────────────┐┌──────────────────────────────
│ Buckets                      ││                                   ││                              
│                              ││                                   ││                              
│ ▶▼ prod-project              ││                                   ││                              
│     assets                   ││                                   ││                              
│                              ││                                   ││                              
│                              ││                                   ││                              
│                              ││                                   ││                              
│                              ││                                   ││                              
│                              ││                                   ││                              
│                              ││                                   ││                              
│                              ││                                   ││                              
│                              ││                                   ││                              
│                              ││                                   ││                              
│                              ││                                   ││                              
│                              ││                                   ││                              
│                              ││                                   ││                              
└──────────────────────────────┘└───────────────────────────────────┘└──────────────────────────────
────────────────────────────────────────────────────────────────────────────────────────────────────
                                                                                                    
 HELP                                                                                               
 ↑/k up       space select      ? toggle help                                                       
 ↓/j down     d     download    q quit                                                              
 ←/h back     /     search                                                                          
 →/l enter                                                                                          
                                                                                                    [2K[?2004l[?25h[?1002l[?1003l[?1006l